ASxxxx Linker V03.00 + NoICE + sdld,  page 1.
Hexadecimal  [32-Bits]

Area                                    Addr        Size        Decimal Bytes (Attributes)
--------------------------------        ----        ----        ------- ----- ------------
CABS                                00000000    00000000 =           0. bytes (ABS,CON,CODE)

      Value  Global                              Global Defined In Module
      -----  --------------------------------   ------------------------
C:   00000000  l_CABS                          
C:   00000000  l_GSINIT5                       
C:   00000000  l_IABS                          
C:   00000000  l_ISEG                          
C:   00000000  l_PSEG                          
C:   00000000  l_REG_BANK_1                    
C:   00000000  l_REG_BANK_2                    
C:   00000000  l_REG_BANK_3                    
C:   00000000  l_RSEG                          
C:   00000000  l_RSEG0                         
C:   00000000  l_RSEG1                         
C:   00000000  l_WTSTDBY0                      
C:   00000000  l_XABS                          
C:   00000000  l__CODE                         
C:   00000000  s_BSEG                          
C:   00000000  s_CABS                          
C:   00000000  s_DSEG                          
C:   00000000  s_HOME                          
C:   00000000  s_IABS                          
C:   00000000  s_ISEG                          
C:   00000000  s_PSEG                          
C:   00000000  s_REG_BANK_0                    
C:   00000000  s_RSEG                          
C:   00000000  s_RSEG0                         
C:   00000000  s_RSEG1                         
C:   00000000  s_XABS                          
C:   00000000  s_XSEG                          
C:   00000001  l_BIT_BANK                      
C:   00000001  l_BSEG                          
C:   00000001  l_BSEG_BYTES                    
C:   00000001  l_DBGLINK4                      
C:   00000001  l_DBGLINK5                      
C:   00000001  l_UART0S4                       
C:   00000001  l_UART0S5                       
C:   00000002  l_DBGLINK1                      
C:   00000002  l_DBGLINK2                      
C:   00000002  l_UART0S1                       
C:   00000002  l_UART0S2                       
C:   00000003  l_GSFINAL                       
C:   00000003  l_GSINIT0                       
C:   00000003  l_LCD2S1                        
C:   00000004  l_WTCANSLP2                     
C:   00000008  l_REG_BANK_0                    
C:   00000008  s_REG_BANK_1                    
C:   0000000A  l_GSINIT2                       
C:   0000000A  l_WTSTDBY2                      
C:   0000000B  l_OSEG                          
C:   0000000C  l_XINIT                         
C:   0000000C  l_XISEG                         
C:   00000010  l_WTCANSLP0                     
ASxxxx Linker V03.00 + NoICE + sdld,  page 2.
Hexadecimal  [32-Bits]

Area                                    Addr        Size        Decimal Bytes (Attributes)
--------------------------------        ----        ----        ------- ----- ------------
CABS                                00000000    00000000 =           0. bytes (ABS,CON,CODE)

      Value  Global                              Global Defined In Module
      -----  --------------------------------   ------------------------
C:   00000010  s_REG_BANK_2                    
C:   00000018  s_REG_BANK_3                    
C:   00000019  l_GSINIT                        
C:   0000001A  l_GSINIT1                       
C:   00000020  l_WTCANSLP1                     
C:   00000020  s_BSEG_BYTES                    
C:   00000020  s__CODE                         
C:   00000021  s_BIT_BANK                      
C:   00000022  l_GSINIT3                       
C:   0000002A  l_GSINIT4                       
C:   0000002A  l_WTSTDBY1                      
C:   0000002A  s_OSEG                          
C:   00000035  s_SSEG                          
C:   00000054  l_DBGLINK3                      
C:   00000054  l_UART0S3                       
C:   00000080  l_DSEG                          
C:   000000B3  l_HOME                          
C:   000000B3  s_GSINIT0                       
C:   000000B6  s_GSINIT1                       
C:   000000CB  l_SSEG                          
C:   000000CC  l_LCD2S0                        
C:   000000D0  s_GSINIT2                       
C:   000000DA  s_GSINIT3                       
C:   000000DD  l_DBGLINK0                      
C:   000000DD  l_UART0S0                       
C:   000000FC  s_GSINIT4                       
C:   00000100  l_IRAM                          
C:   00000126  s_GSINIT                        
C:   00000126  s_GSINIT5                       
C:   0000013F  s_GSFINAL                       
C:   00000142  s_CSEG                          
C:   0000038D  l_CONST                         
C:   00000439  l_XSEG                          
C:   00000439  s_XISEG                         
C:   00004A31  l_CSEG                          
C:   00004B73  s_CONST                         
C:   00004F00  s_XINIT                         
C:   00004F0C  s_WTCANSLP0                     
C:   00004F1C  s_WTCANSLP1                     
C:   00004F3C  s_WTCANSLP2                     
C:   00004F40  s_WTSTDBY0                      
C:   00004F40  s_WTSTDBY1                      
C:   00004F6A  s_WTSTDBY2                      
C:   00004F74  s_LCD2S0                        
C:   00005040  s_LCD2S1                        
C:   00005043  s_UART0S0                       
C:   00005120  s_UART0S1                       
C:   00005122  s_UART0S2                       
C:   00005124  s_UART0S3                       
C:   00005178  s_UART0S4                       
C:   00005179  s_UART0S5                       
ASxxxx Linker V03.00 + NoICE + sdld,  page 3.
Hexadecimal  [32-Bits]

Area                                    Addr        Size        Decimal Bytes (Attributes)
--------------------------------        ----        ----        ------- ----- ------------
CABS                                00000000    00000000 =           0. bytes (ABS,CON,CODE)

      Value  Global                              Global Defined In Module
      -----  --------------------------------   ------------------------
C:   0000517A  s_DBGLINK0                      
C:   00005257  s_DBGLINK1                      
C:   00005259  s_DBGLINK2                      
C:   0000525B  s_DBGLINK3                      
C:   000052AF  s_DBGLINK4                      
C:   000052B0  s_DBGLINK5                      

ASxxxx Linker V03.00 + NoICE + sdld,  page 4.
Hexadecimal  [32-Bits]

Area                                    Addr        Size        Decimal Bytes (Attributes)
--------------------------------        ----        ----        ------- ----- ------------
.  .ABS.                            00000000    00000000 =           0. bytes (ABS,CON)

      Value  Global                              Global Defined In Module
      -----  --------------------------------   ------------------------
     00000000  .__.ABS.                           uart0txbuf
     00000080  G$PORTA$0$0                        uart0txbuf
     00000080  G$PORTA_0$0$0                      uart0txbuf
     00000080  _PORTA                             uart0txbuf
     00000080  _PORTA_0                           uart0txbuf
     00000081  G$PORTA_1$0$0                      uart0txbuf
     00000081  G$SP$0$0                           uart0txbuf
     00000081  _PORTA_1                           uart0txbuf
     00000081  _SP                                uart0txbuf
     00000082  G$DPL$0$0                          uart0txbuf
     00000082  G$PORTA_2$0$0                      uart0txbuf
     00000082  _DPL                               uart0txbuf
     00000082  _PORTA_2                           uart0txbuf
     00000083  G$DPH$0$0                          uart0txbuf
     00000083  G$PORTA_3$0$0                      uart0txbuf
     00000083  _DPH                               uart0txbuf
     00000083  _PORTA_3                           uart0txbuf
     00000084  G$DPL1$0$0                         uart0txbuf
     00000084  G$PORTA_4$0$0                      uart0txbuf
     00000084  _DPL1                              uart0txbuf
     00000084  _PORTA_4                           uart0txbuf
     00000085  G$DPH1$0$0                         uart0txbuf
     00000085  G$PORTA_5$0$0                      uart0txbuf
     00000085  _DPH1                              uart0txbuf
     00000085  _PORTA_5                           uart0txbuf
     00000086  G$DPS$0$0                          uart0txbuf
     00000086  G$PORTA_6$0$0                      uart0txbuf
     00000086  _DPS                               uart0txbuf
     00000086  _PORTA_6                           uart0txbuf
     00000087  G$PCON$0$0                         uart0txbuf
     00000087  G$PORTA_7$0$0                      uart0txbuf
     00000087  _PCON                              uart0txbuf
     00000087  _PORTA_7                           uart0txbuf
     00000088  G$PORTB$0$0                        uart0txbuf
     00000088  G$PORTB_0$0$0                      uart0txbuf
     00000088  _PORTB                             uart0txbuf
     00000088  _PORTB_0                           uart0txbuf
     00000089  G$DIRA$0$0                         uart0txbuf
     00000089  G$PORTB_1$0$0                      uart0txbuf
     00000089  _DIRA                              uart0txbuf
     00000089  _PORTB_1                           uart0txbuf
     0000008A  G$DIRB$0$0                         uart0txbuf
     0000008A  G$PORTB_2$0$0                      uart0txbuf
     0000008A  _DIRB                              uart0txbuf
     0000008A  _PORTB_2                           uart0txbuf
     0000008B  G$DIRC$0$0                         uart0txbuf
     0000008B  G$PORTB_3$0$0                      uart0txbuf
     0000008B  _DIRC                              uart0txbuf
     0000008B  _PORTB_3                           uart0txbuf
     0000008C  G$PORTB_4$0$0                      uart0txbuf
ASxxxx Linker V03.00 + NoICE + sdld,  page 5.
Hexadecimal  [32-Bits]

Area                                    Addr        Size        Decimal Bytes (Attributes)
--------------------------------        ----        ----        ------- ----- ------------
.  .ABS.                            00000000    00000000 =           0. bytes (ABS,CON)

      Value  Global                              Global Defined In Module
      -----  --------------------------------   ------------------------
     0000008C  G$PORTR$0$0                        uart0txbuf
     0000008C  _PORTB_4                           uart0txbuf
     0000008C  _PORTR                             uart0txbuf
     0000008D  G$PINR$0$0                         uart0txbuf
     0000008D  G$PORTB_5$0$0                      uart0txbuf
     0000008D  _PINR                              uart0txbuf
     0000008D  _PORTB_5                           uart0txbuf
     0000008E  G$DIRR$0$0                         uart0txbuf
     0000008E  G$PORTB_6$0$0                      uart0txbuf
     0000008E  _DIRR                              uart0txbuf
     0000008E  _PORTB_6                           uart0txbuf
     0000008F  G$PORTB_7$0$0                      uart0txbuf
     0000008F  _PORTB_7                           uart0txbuf
     00000090  G$PORTC$0$0                        uart0txbuf
     00000090  G$PORTC_0$0$0                      uart0txbuf
     00000090  _PORTC                             uart0txbuf
     00000090  _PORTC_0                           uart0txbuf
     00000091  G$NVSTATUS$0$0                     uart0txbuf
     00000091  G$PORTC_1$0$0                      uart0txbuf
     00000091  _NVSTATUS                          uart0txbuf
     00000091  _PORTC_1                           uart0txbuf
     00000092  G$NVADDR0$0$0                      uart0txbuf
     00000092  G$PORTC_2$0$0                      uart0txbuf
     00000092  _NVADDR0                           uart0txbuf
     00000092  _PORTC_2                           uart0txbuf
     00000093  G$NVADDR1$0$0                      uart0txbuf
     00000093  G$PORTC_3$0$0                      uart0txbuf
     00000093  _NVADDR1                           uart0txbuf
     00000093  _PORTC_3                           uart0txbuf
     00000094  G$NVDATA0$0$0                      uart0txbuf
     00000094  G$PORTC_4$0$0                      uart0txbuf
     00000094  _NVDATA0                           uart0txbuf
     00000094  _PORTC_4                           uart0txbuf
     00000095  G$NVDATA1$0$0                      uart0txbuf
     00000095  G$PORTC_5$0$0                      uart0txbuf
     00000095  _NVDATA1                           uart0txbuf
     00000095  _PORTC_5                           uart0txbuf
     00000096  G$NVKEY$0$0                        uart0txbuf
     00000096  G$PORTC_6$0$0                      uart0txbuf
     00000096  _NVKEY                             uart0txbuf
     00000096  _PORTC_6                           uart0txbuf
     00000097  G$CODECONFIG$0$0                   uart0txbuf
     00000097  G$PORTC_7$0$0                      uart0txbuf
     00000097  _CODECONFIG                        uart0txbuf
     00000097  _PORTC_7                           uart0txbuf
     00000098  G$EIE$0$0                          uart0txbuf
     00000098  G$EIE_0$0$0                        uart0txbuf
     00000098  _EIE                               uart0txbuf
     00000098  _EIE_0                             uart0txbuf
     00000099  G$EIE_1$0$0                        uart0txbuf
     00000099  G$T0MODE$0$0                       uart0txbuf
ASxxxx Linker V03.00 + NoICE + sdld,  page 6.
Hexadecimal  [32-Bits]

Area                                    Addr        Size        Decimal Bytes (Attributes)
--------------------------------        ----        ----        ------- ----- ------------
.  .ABS.                            00000000    00000000 =           0. bytes (ABS,CON)

      Value  Global                              Global Defined In Module
      -----  --------------------------------   ------------------------
     00000099  _EIE_1                             uart0txbuf
     00000099  _T0MODE                            uart0txbuf
     0000009A  G$EIE_2$0$0                        uart0txbuf
     0000009A  G$T0CLKSRC$0$0                     uart0txbuf
     0000009A  _EIE_2                             uart0txbuf
     0000009A  _T0CLKSRC                          uart0txbuf
     0000009B  G$EIE_3$0$0                        uart0txbuf
     0000009B  G$T0STATUS$0$0                     uart0txbuf
     0000009B  _EIE_3                             uart0txbuf
     0000009B  _T0STATUS                          uart0txbuf
     0000009C  G$EIE_4$0$0                        uart0txbuf
     0000009C  G$T0CNT0$0$0                       uart0txbuf
     0000009C  _EIE_4                             uart0txbuf
     0000009C  _T0CNT0                            uart0txbuf
     0000009D  G$EIE_5$0$0                        uart0txbuf
     0000009D  G$T0CNT1$0$0                       uart0txbuf
     0000009D  _EIE_5                             uart0txbuf
     0000009D  _T0CNT1                            uart0txbuf
     0000009E  G$EIE_6$0$0                        uart0txbuf
     0000009E  G$T0PERIOD0$0$0                    uart0txbuf
     0000009E  _EIE_6                             uart0txbuf
     0000009E  _T0PERIOD0                         uart0txbuf
     0000009F  G$EIE_7$0$0                        uart0txbuf
     0000009F  G$T0PERIOD1$0$0                    uart0txbuf
     0000009F  _EIE_7                             uart0txbuf
     0000009F  _T0PERIOD1                         uart0txbuf
     000000A0  G$E2IE$0$0                         uart0txbuf
     000000A0  G$E2IE_0$0$0                       uart0txbuf
     000000A0  _E2IE                              uart0txbuf
     000000A0  _E2IE_0                            uart0txbuf
     000000A1  G$E2IE_1$0$0                       uart0txbuf
     000000A1  G$T1MODE$0$0                       uart0txbuf
     000000A1  _E2IE_1                            uart0txbuf
     000000A1  _T1MODE                            uart0txbuf
     000000A2  G$E2IE_2$0$0                       uart0txbuf
     000000A2  G$T1CLKSRC$0$0                     uart0txbuf
     000000A2  _E2IE_2                            uart0txbuf
     000000A2  _T1CLKSRC                          uart0txbuf
     000000A3  G$E2IE_3$0$0                       uart0txbuf
     000000A3  G$T1STATUS$0$0                     uart0txbuf
     000000A3  _E2IE_3                            uart0txbuf
     000000A3  _T1STATUS                          uart0txbuf
     000000A4  G$E2IE_4$0$0                       uart0txbuf
     000000A4  G$T1CNT0$0$0                       uart0txbuf
     000000A4  _E2IE_4                            uart0txbuf
     000000A4  _T1CNT0                            uart0txbuf
     000000A5  G$E2IE_5$0$0                       uart0txbuf
     000000A5  G$T1CNT1$0$0                       uart0txbuf
     000000A5  _E2IE_5                            uart0txbuf
     000000A5  _T1CNT1                            uart0txbuf
     000000A6  G$E2IE_6$0$0                       uart0txbuf
ASxxxx Linker V03.00 + NoICE + sdld,  page 7.
Hexadecimal  [32-Bits]

Area                                    Addr        Size        Decimal Bytes (Attributes)
--------------------------------        ----        ----        ------- ----- ------------
.  .ABS.                            00000000    00000000 =           0. bytes (ABS,CON)

      Value  Global                              Global Defined In Module
      -----  --------------------------------   ------------------------
     000000A6  G$T1PERIOD0$0$0                    uart0txbuf
     000000A6  _E2IE_6                            uart0txbuf
     000000A6  _T1PERIOD0                         uart0txbuf
     000000A7  G$E2IE_7$0$0                       uart0txbuf
     000000A7  G$T1PERIOD1$0$0                    uart0txbuf
     000000A7  _E2IE_7                            uart0txbuf
     000000A7  _T1PERIOD1                         uart0txbuf
     000000A8  G$IE$0$0                           uart0txbuf
     000000A8  G$IE_0$0$0                         uart0txbuf
     000000A8  _IE                                uart0txbuf
     000000A8  _IE_0                              uart0txbuf
     000000A9  G$IE_1$0$0                         uart0txbuf
     000000A9  G$T2MODE$0$0                       uart0txbuf
     000000A9  _IE_1                              uart0txbuf
     000000A9  _T2MODE                            uart0txbuf
     000000AA  G$IE_2$0$0                         uart0txbuf
     000000AA  G$T2CLKSRC$0$0                     uart0txbuf
     000000AA  _IE_2                              uart0txbuf
     000000AA  _T2CLKSRC                          uart0txbuf
     000000AB  G$IE_3$0$0                         uart0txbuf
     000000AB  G$T2STATUS$0$0                     uart0txbuf
     000000AB  _IE_3                              uart0txbuf
     000000AB  _T2STATUS                          uart0txbuf
     000000AC  G$IE_4$0$0                         uart0txbuf
     000000AC  G$T2CNT0$0$0                       uart0txbuf
     000000AC  _IE_4                              uart0txbuf
     000000AC  _T2CNT0                            uart0txbuf
     000000AD  G$IE_5$0$0                         uart0txbuf
     000000AD  G$T2CNT1$0$0                       uart0txbuf
     000000AD  _IE_5                              uart0txbuf
     000000AD  _T2CNT1                            uart0txbuf
     000000AE  G$IE_6$0$0                         uart0txbuf
     000000AE  G$T2PERIOD0$0$0                    uart0txbuf
     000000AE  _IE_6                              uart0txbuf
     000000AE  _T2PERIOD0                         uart0txbuf
     000000AF  G$EA$0$0                           uart0txbuf
     000000AF  G$IE_7$0$0                         uart0txbuf
     000000AF  G$T2PERIOD1$0$0                    uart0txbuf
     000000AF  _EA                                uart0txbuf
     000000AF  _IE_7                              uart0txbuf
     000000AF  _T2PERIOD1                         uart0txbuf
     000000B0  G$EIP$0$0                          uart0txbuf
     000000B0  G$EIP_0$0$0                        uart0txbuf
     000000B0  _EIP                               uart0txbuf
     000000B0  _EIP_0                             uart0txbuf
     000000B1  G$EIP_1$0$0                        uart0txbuf
     000000B1  G$RADIOACC$0$0                     uart0txbuf
     000000B1  _EIP_1                             uart0txbuf
     000000B1  _RADIOACC                          uart0txbuf
     000000B2  G$EIP_2$0$0                        uart0txbuf
     000000B2  G$RADIOADDR1$0$0                   uart0txbuf
ASxxxx Linker V03.00 + NoICE + sdld,  page 8.
Hexadecimal  [32-Bits]

Area                                    Addr        Size        Decimal Bytes (Attributes)
--------------------------------        ----        ----        ------- ----- ------------
.  .ABS.                            00000000    00000000 =           0. bytes (ABS,CON)

      Value  Global                              Global Defined In Module
      -----  --------------------------------   ------------------------
     000000B2  _EIP_2                             uart0txbuf
     000000B2  _RADIOADDR1                        uart0txbuf
     000000B3  G$EIP_3$0$0                        uart0txbuf
     000000B3  G$RADIOADDR0$0$0                   uart0txbuf
     000000B3  _EIP_3                             uart0txbuf
     000000B3  _RADIOADDR0                        uart0txbuf
     000000B4  G$EIP_4$0$0                        uart0txbuf
     000000B4  G$RADIODATA3$0$0                   uart0txbuf
     000000B4  _EIP_4                             uart0txbuf
     000000B4  _RADIODATA3                        uart0txbuf
     000000B5  G$EIP_5$0$0                        uart0txbuf
     000000B5  G$RADIODATA2$0$0                   uart0txbuf
     000000B5  _EIP_5                             uart0txbuf
     000000B5  _RADIODATA2                        uart0txbuf
     000000B6  G$EIP_6$0$0                        uart0txbuf
     000000B6  G$RADIODATA1$0$0                   uart0txbuf
     000000B6  _EIP_6                             uart0txbuf
     000000B6  _RADIODATA1                        uart0txbuf
     000000B7  G$EIP_7$0$0                        uart0txbuf
     000000B7  G$RADIODATA0$0$0                   uart0txbuf
     000000B7  _EIP_7                             uart0txbuf
     000000B7  _RADIODATA0                        uart0txbuf
     000000B8  G$IP$0$0                           uart0txbuf
     000000B8  G$IP_0$0$0                         uart0txbuf
     000000B8  _IP                                uart0txbuf
     000000B8  _IP_0                              uart0txbuf
     000000B9  G$IP_1$0$0                         uart0txbuf
     000000B9  G$OC0MODE$0$0                      uart0txbuf
     000000B9  _IP_1                              uart0txbuf
     000000B9  _OC0MODE                           uart0txbuf
     000000BA  G$IP_2$0$0                         uart0txbuf
     000000BA  G$OC0PIN$0$0                       uart0txbuf
     000000BA  _IP_2                              uart0txbuf
     000000BA  _OC0PIN                            uart0txbuf
     000000BB  G$IP_3$0$0                         uart0txbuf
     000000BB  G$OC0STATUS$0$0                    uart0txbuf
     000000BB  _IP_3                              uart0txbuf
     000000BB  _OC0STATUS                         uart0txbuf
     000000BC  G$IP_4$0$0                         uart0txbuf
     000000BC  G$OC0COMP0$0$0                     uart0txbuf
     000000BC  _IP_4                              uart0txbuf
     000000BC  _OC0COMP0                          uart0txbuf
     000000BD  G$IP_5$0$0                         uart0txbuf
     000000BD  G$OC0COMP1$0$0                     uart0txbuf
     000000BD  _IP_5                              uart0txbuf
     000000BD  _OC0COMP1                          uart0txbuf
     000000BE  G$IP_6$0$0                         uart0txbuf
     000000BE  G$RADIOSTAT0$0$0                   uart0txbuf
     000000BE  _IP_6                              uart0txbuf
     000000BE  _RADIOSTAT0                        uart0txbuf
     000000BF  G$IP_7$0$0                         uart0txbuf
ASxxxx Linker V03.00 + NoICE + sdld,  page 9.
Hexadecimal  [32-Bits]

Area                                    Addr        Size        Decimal Bytes (Attributes)
--------------------------------        ----        ----        ------- ----- ------------
.  .ABS.                            00000000    00000000 =           0. bytes (ABS,CON)

      Value  Global                              Global Defined In Module
      -----  --------------------------------   ------------------------
     000000BF  G$RADIOSTAT1$0$0                   uart0txbuf
     000000BF  _IP_7                              uart0txbuf
     000000BF  _RADIOSTAT1                        uart0txbuf
     000000C0  G$E2IP$0$0                         uart0txbuf
     000000C0  G$E2IP_0$0$0                       uart0txbuf
     000000C0  _E2IP                              uart0txbuf
     000000C0  _E2IP_0                            uart0txbuf
     000000C1  G$E2IP_1$0$0                       uart0txbuf
     000000C1  G$OC1MODE$0$0                      uart0txbuf
     000000C1  _E2IP_1                            uart0txbuf
     000000C1  _OC1MODE                           uart0txbuf
     000000C2  G$E2IP_2$0$0                       uart0txbuf
     000000C2  G$OC1PIN$0$0                       uart0txbuf
     000000C2  _E2IP_2                            uart0txbuf
     000000C2  _OC1PIN                            uart0txbuf
     000000C3  G$E2IP_3$0$0                       uart0txbuf
     000000C3  G$OC1STATUS$0$0                    uart0txbuf
     000000C3  _E2IP_3                            uart0txbuf
     000000C3  _OC1STATUS                         uart0txbuf
     000000C4  G$E2IP_4$0$0                       uart0txbuf
     000000C4  G$OC1COMP0$0$0                     uart0txbuf
     000000C4  _E2IP_4                            uart0txbuf
     000000C4  _OC1COMP0                          uart0txbuf
     000000C5  G$E2IP_5$0$0                       uart0txbuf
     000000C5  G$OC1COMP1$0$0                     uart0txbuf
     000000C5  _E2IP_5                            uart0txbuf
     000000C5  _OC1COMP1                          uart0txbuf
     000000C6  G$CLKCON$0$0                       uart0txbuf
     000000C6  G$E2IP_6$0$0                       uart0txbuf
     000000C6  _CLKCON                            uart0txbuf
     000000C6  _E2IP_6                            uart0txbuf
     000000C7  G$CLKSTAT$0$0                      uart0txbuf
     000000C7  G$E2IP_7$0$0                       uart0txbuf
     000000C7  _CLKSTAT                           uart0txbuf
     000000C7  _E2IP_7                            uart0txbuf
     000000C8  G$PINA$0$0                         uart0txbuf
     000000C8  G$PINA_0$0$0                       uart0txbuf
     000000C8  _PINA                              uart0txbuf
     000000C8  _PINA_0                            uart0txbuf
     000000C9  G$ADCCONV$0$0                      uart0txbuf
     000000C9  G$PINA_1$0$0                       uart0txbuf
     000000C9  _ADCCONV                           uart0txbuf
     000000C9  _PINA_1                            uart0txbuf
     000000CA  G$ADCCH0CONFIG$0$0                 uart0txbuf
     000000CA  G$PINA_2$0$0                       uart0txbuf
     000000CA  _ADCCH0CONFIG                      uart0txbuf
     000000CA  _PINA_2                            uart0txbuf
     000000CB  G$ADCCH1CONFIG$0$0                 uart0txbuf
     000000CB  G$PINA_3$0$0                       uart0txbuf
     000000CB  _ADCCH1CONFIG                      uart0txbuf
     000000CB  _PINA_3                            uart0txbuf
ASxxxx Linker V03.00 + NoICE + sdld,  page 10.
Hexadecimal  [32-Bits]

Area                                    Addr        Size        Decimal Bytes (Attributes)
--------------------------------        ----        ----        ------- ----- ------------
.  .ABS.                            00000000    00000000 =           0. bytes (ABS,CON)

      Value  Global                              Global Defined In Module
      -----  --------------------------------   ------------------------
     000000CC  G$IC0MODE$0$0                      uart0txbuf
     000000CC  G$PINA_4$0$0                       uart0txbuf
     000000CC  _IC0MODE                           uart0txbuf
     000000CC  _PINA_4                            uart0txbuf
     000000CD  G$IC0STATUS$0$0                    uart0txbuf
     000000CD  G$PINA_5$0$0                       uart0txbuf
     000000CD  _IC0STATUS                         uart0txbuf
     000000CD  _PINA_5                            uart0txbuf
     000000CE  G$IC0CAPT0$0$0                     uart0txbuf
     000000CE  G$PINA_6$0$0                       uart0txbuf
     000000CE  _IC0CAPT0                          uart0txbuf
     000000CE  _PINA_6                            uart0txbuf
     000000CF  G$IC0CAPT1$0$0                     uart0txbuf
     000000CF  G$PINA_7$0$0                       uart0txbuf
     000000CF  _IC0CAPT1                          uart0txbuf
     000000CF  _PINA_7                            uart0txbuf
     000000D0  G$P$0$0                            uart0txbuf
     000000D0  G$PSW$0$0                          uart0txbuf
     000000D0  _P                                 uart0txbuf
     000000D0  _PSW                               uart0txbuf
     000000D1  G$ADCCLKSRC$0$0                    uart0txbuf
     000000D1  G$F1$0$0                           uart0txbuf
     000000D1  _ADCCLKSRC                         uart0txbuf
     000000D1  _F1                                uart0txbuf
     000000D2  G$ADCCH2CONFIG$0$0                 uart0txbuf
     000000D2  G$OV$0$0                           uart0txbuf
     000000D2  _ADCCH2CONFIG                      uart0txbuf
     000000D2  _OV                                uart0txbuf
     000000D3  G$ADCCH3CONFIG$0$0                 uart0txbuf
     000000D3  G$RS0$0$0                          uart0txbuf
     000000D3  _ADCCH3CONFIG                      uart0txbuf
     000000D3  _RS0                               uart0txbuf
     000000D4  G$IC1MODE$0$0                      uart0txbuf
     000000D4  G$RS1$0$0                          uart0txbuf
     000000D4  _IC1MODE                           uart0txbuf
     000000D4  _RS1                               uart0txbuf
     000000D5  G$F0$0$0                           uart0txbuf
     000000D5  G$IC1STATUS$0$0                    uart0txbuf
     000000D5  _F0                                uart0txbuf
     000000D5  _IC1STATUS                         uart0txbuf
     000000D6  G$AC$0$0                           uart0txbuf
     000000D6  G$IC1CAPT0$0$0                     uart0txbuf
     000000D6  _AC                                uart0txbuf
     000000D6  _IC1CAPT0                          uart0txbuf
     000000D7  G$CY$0$0                           uart0txbuf
     000000D7  G$IC1CAPT1$0$0                     uart0txbuf
     000000D7  _CY                                uart0txbuf
     000000D7  _IC1CAPT1                          uart0txbuf
     000000D9  G$XPAGE$0$0                        uart0txbuf
     000000D9  G$_XPAGE$0$0                       uart0txbuf
     000000D9  _XPAGE                             uart0txbuf
ASxxxx Linker V03.00 + NoICE + sdld,  page 11.
Hexadecimal  [32-Bits]

Area                                    Addr        Size        Decimal Bytes (Attributes)
--------------------------------        ----        ----        ------- ----- ------------
.  .ABS.                            00000000    00000000 =           0. bytes (ABS,CON)

      Value  Global                              Global Defined In Module
      -----  --------------------------------   ------------------------
     000000D9  __XPAGE                            uart0txbuf
     000000DA  G$WDTCFG$0$0                       uart0txbuf
     000000DA  _WDTCFG                            uart0txbuf
     000000DB  G$WDTRESET$0$0                     uart0txbuf
     000000DB  _WDTRESET                          uart0txbuf
     000000DC  G$SPMODE$0$0                       uart0txbuf
     000000DC  _SPMODE                            uart0txbuf
     000000DD  G$SPSTATUS$0$0                     uart0txbuf
     000000DD  _SPSTATUS                          uart0txbuf
     000000DE  G$SPSHREG$0$0                      uart0txbuf
     000000DE  _SPSHREG                           uart0txbuf
     000000DF  G$SPCLKSRC$0$0                     uart0txbuf
     000000DF  _SPCLKSRC                          uart0txbuf
     000000E0  G$ACC$0$0                          uart0txbuf
     000000E0  G$ACC_0$0$0                        uart0txbuf
     000000E0  _ACC                               uart0txbuf
     000000E0  _ACC_0                             uart0txbuf
     000000E1  G$ACC_1$0$0                        uart0txbuf
     000000E1  G$ANALOGCOMP$0$0                   uart0txbuf
     000000E1  _ACC_1                             uart0txbuf
     000000E1  _ANALOGCOMP                        uart0txbuf
     000000E2  G$ACC_2$0$0                        uart0txbuf
     000000E2  G$DBGLNKSTAT$0$0                   uart0txbuf
     000000E2  _ACC_2                             uart0txbuf
     000000E2  _DBGLNKSTAT                        uart0txbuf
     000000E3  G$ACC_3$0$0                        uart0txbuf
     000000E3  G$DBGLNKBUF$0$0                    uart0txbuf
     000000E3  _ACC_3                             uart0txbuf
     000000E3  _DBGLNKBUF                         uart0txbuf
     000000E4  G$ACC_4$0$0                        uart0txbuf
     000000E4  G$U0CTRL$0$0                       uart0txbuf
     000000E4  _ACC_4                             uart0txbuf
     000000E4  _U0CTRL                            uart0txbuf
     000000E5  G$ACC_5$0$0                        uart0txbuf
     000000E5  G$U0STATUS$0$0                     uart0txbuf
     000000E5  _ACC_5                             uart0txbuf
     000000E5  _U0STATUS                          uart0txbuf
     000000E6  G$ACC_6$0$0                        uart0txbuf
     000000E6  G$U0SHREG$0$0                      uart0txbuf
     000000E6  _ACC_6                             uart0txbuf
     000000E6  _U0SHREG                           uart0txbuf
     000000E7  G$ACC_7$0$0                        uart0txbuf
     000000E7  G$U0MODE$0$0                       uart0txbuf
     000000E7  _ACC_7                             uart0txbuf
     000000E7  _U0MODE                            uart0txbuf
     000000E8  G$PINB$0$0                         uart0txbuf
     000000E8  G$PINB_0$0$0                       uart0txbuf
     000000E8  _PINB                              uart0txbuf
     000000E8  _PINB_0                            uart0txbuf
     000000E9  G$PINB_1$0$0                       uart0txbuf
     000000E9  G$WTIRQEN$0$0                      uart0txbuf
ASxxxx Linker V03.00 + NoICE + sdld,  page 12.
Hexadecimal  [32-Bits]

Area                                    Addr        Size        Decimal Bytes (Attributes)
--------------------------------        ----        ----        ------- ----- ------------
.  .ABS.                            00000000    00000000 =           0. bytes (ABS,CON)

      Value  Global                              Global Defined In Module
      -----  --------------------------------   ------------------------
     000000E9  _PINB_1                            uart0txbuf
     000000E9  _WTIRQEN                           uart0txbuf
     000000EA  G$PINB_2$0$0                       uart0txbuf
     000000EA  G$WTSTAT$0$0                       uart0txbuf
     000000EA  _PINB_2                            uart0txbuf
     000000EA  _WTSTAT                            uart0txbuf
     000000EB  G$PINB_3$0$0                       uart0txbuf
     000000EB  G$WTCNTR1$0$0                      uart0txbuf
     000000EB  _PINB_3                            uart0txbuf
     000000EB  _WTCNTR1                           uart0txbuf
     000000EC  G$PINB_4$0$0                       uart0txbuf
     000000EC  G$U1CTRL$0$0                       uart0txbuf
     000000EC  _PINB_4                            uart0txbuf
     000000EC  _U1CTRL                            uart0txbuf
     000000ED  G$PINB_5$0$0                       uart0txbuf
     000000ED  G$U1STATUS$0$0                     uart0txbuf
     000000ED  _PINB_5                            uart0txbuf
     000000ED  _U1STATUS                          uart0txbuf
     000000EE  G$PINB_6$0$0                       uart0txbuf
     000000EE  G$U1SHREG$0$0                      uart0txbuf
     000000EE  _PINB_6                            uart0txbuf
     000000EE  _U1SHREG                           uart0txbuf
     000000EF  G$PINB_7$0$0                       uart0txbuf
     000000EF  G$U1MODE$0$0                       uart0txbuf
     000000EF  _PINB_7                            uart0txbuf
     000000EF  _U1MODE                            uart0txbuf
     000000F0  G$B$0$0                            uart0txbuf
     000000F0  G$B_0$0$0                          uart0txbuf
     000000F0  _B                                 uart0txbuf
     000000F0  _B_0                               uart0txbuf
     000000F1  G$B_1$0$0                          uart0txbuf
     000000F1  G$WTCFGA$0$0                       uart0txbuf
     000000F1  _B_1                               uart0txbuf
     000000F1  _WTCFGA                            uart0txbuf
     000000F2  G$B_2$0$0                          uart0txbuf
     000000F2  G$WTCNTA0$0$0                      uart0txbuf
     000000F2  _B_2                               uart0txbuf
     000000F2  _WTCNTA0                           uart0txbuf
     000000F3  G$B_3$0$0                          uart0txbuf
     000000F3  G$WTCNTA1$0$0                      uart0txbuf
     000000F3  _B_3                               uart0txbuf
     000000F3  _WTCNTA1                           uart0txbuf
     000000F4  G$B_4$0$0                          uart0txbuf
     000000F4  G$WTEVTA0$0$0                      uart0txbuf
     000000F4  _B_4                               uart0txbuf
     000000F4  _WTEVTA0                           uart0txbuf
     000000F5  G$B_5$0$0                          uart0txbuf
     000000F5  G$WTEVTA1$0$0                      uart0txbuf
     000000F5  _B_5                               uart0txbuf
     000000F5  _WTEVTA1                           uart0txbuf
     000000F6  G$B_6$0$0                          uart0txbuf
ASxxxx Linker V03.00 + NoICE + sdld,  page 13.
Hexadecimal  [32-Bits]

Area                                    Addr        Size        Decimal Bytes (Attributes)
--------------------------------        ----        ----        ------- ----- ------------
.  .ABS.                            00000000    00000000 =           0. bytes (ABS,CON)

      Value  Global                              Global Defined In Module
      -----  --------------------------------   ------------------------
     000000F6  G$WTEVTB0$0$0                      uart0txbuf
     000000F6  _B_6                               uart0txbuf
     000000F6  _WTEVTB0                           uart0txbuf
     000000F7  G$B_7$0$0                          uart0txbuf
     000000F7  G$WTEVTB1$0$0                      uart0txbuf
     000000F7  _B_7                               uart0txbuf
     000000F7  _WTEVTB1                           uart0txbuf
     000000F8  G$PINC$0$0                         uart0txbuf
     000000F8  G$PINC_0$0$0                       uart0txbuf
     000000F8  _PINC                              uart0txbuf
     000000F8  _PINC_0                            uart0txbuf
     000000F9  G$PINC_1$0$0                       uart0txbuf
     000000F9  G$WTCFGB$0$0                       uart0txbuf
     000000F9  _PINC_1                            uart0txbuf
     000000F9  _WTCFGB                            uart0txbuf
     000000FA  G$PINC_2$0$0                       uart0txbuf
     000000FA  G$WTCNTB0$0$0                      uart0txbuf
     000000FA  _PINC_2                            uart0txbuf
     000000FA  _WTCNTB0                           uart0txbuf
     000000FB  G$PINC_3$0$0                       uart0txbuf
     000000FB  G$WTCNTB1$0$0                      uart0txbuf
     000000FB  _PINC_3                            uart0txbuf
     000000FB  _WTCNTB1                           uart0txbuf
     000000FC  G$PINC_4$0$0                       uart0txbuf
     000000FC  G$WTEVTC0$0$0                      uart0txbuf
     000000FC  _PINC_4                            uart0txbuf
     000000FC  _WTEVTC0                           uart0txbuf
     000000FD  G$PINC_5$0$0                       uart0txbuf
     000000FD  G$WTEVTC1$0$0                      uart0txbuf
     000000FD  _PINC_5                            uart0txbuf
     000000FD  _WTEVTC1                           uart0txbuf
     000000FE  G$PINC_6$0$0                       uart0txbuf
     000000FE  G$WTEVTD0$0$0                      uart0txbuf
     000000FE  _PINC_6                            uart0txbuf
     000000FE  _WTEVTD0                           uart0txbuf
     000000FF  G$PINC_7$0$0                       uart0txbuf
     000000FF  G$WTEVTD1$0$0                      uart0txbuf
     000000FF  _PINC_7                            uart0txbuf
     000000FF  _WTEVTD1                           uart0txbuf
     00003F80  G$XPORTA$0$0                       uart0txbuf
     00003F80  _XPORTA                            uart0txbuf
     00003F82  G$XDPTR0$0$0                       uart0txbuf
     00003F82  _XDPTR0                            uart0txbuf
     00003F84  G$XDPTR1$0$0                       uart0txbuf
     00003F84  _XDPTR1                            uart0txbuf
     00003F87  G$XPCON$0$0                        uart0txbuf
     00003F87  _XPCON                             uart0txbuf
     00003F88  G$XPORTB$0$0                       uart0txbuf
     00003F88  _XPORTB                            uart0txbuf
     00003F89  G$XDIRA$0$0                        uart0txbuf
     00003F89  _XDIRA                             uart0txbuf
ASxxxx Linker V03.00 + NoICE + sdld,  page 14.
Hexadecimal  [32-Bits]

Area                                    Addr        Size        Decimal Bytes (Attributes)
--------------------------------        ----        ----        ------- ----- ------------
.  .ABS.                            00000000    00000000 =           0. bytes (ABS,CON)

      Value  Global                              Global Defined In Module
      -----  --------------------------------   ------------------------
     00003F8A  G$XDIRB$0$0                        uart0txbuf
     00003F8A  _XDIRB                             uart0txbuf
     00003F8B  G$XDIRC$0$0                        uart0txbuf
     00003F8B  _XDIRC                             uart0txbuf
     00003F8C  G$XPORTR$0$0                       uart0txbuf
     00003F8C  _XPORTR                            uart0txbuf
     00003F8D  G$XPINR$0$0                        uart0txbuf
     00003F8D  _XPINR                             uart0txbuf
     00003F8E  G$XDIRR$0$0                        uart0txbuf
     00003F8E  _XDIRR                             uart0txbuf
     00003F90  G$XPORTC$0$0                       uart0txbuf
     00003F90  _XPORTC                            uart0txbuf
     00003F91  G$XNVSTATUS$0$0                    uart0txbuf
     00003F91  _XNVSTATUS                         uart0txbuf
     00003F92  G$XNVADDR$0$0                      uart0txbuf
     00003F92  G$XNVADDR0$0$0                     uart0txbuf
     00003F92  _XNVADDR                           uart0txbuf
     00003F92  _XNVADDR0                          uart0txbuf
     00003F93  G$XNVADDR1$0$0                     uart0txbuf
     00003F93  _XNVADDR1                          uart0txbuf
     00003F94  G$XNVDATA$0$0                      uart0txbuf
     00003F94  G$XNVDATA0$0$0                     uart0txbuf
     00003F94  _XNVDATA                           uart0txbuf
     00003F94  _XNVDATA0                          uart0txbuf
     00003F95  G$XNVDATA1$0$0                     uart0txbuf
     00003F95  _XNVDATA1                          uart0txbuf
     00003F96  G$XNVKEY$0$0                       uart0txbuf
     00003F96  _XNVKEY                            uart0txbuf
     00003F97  G$XCODECONFIG$0$0                  uart0txbuf
     00003F97  _XCODECONFIG                       uart0txbuf
     00003F99  G$XT0MODE$0$0                      uart0txbuf
     00003F99  _XT0MODE                           uart0txbuf
     00003F9A  G$XT0CLKSRC$0$0                    uart0txbuf
     00003F9A  _XT0CLKSRC                         uart0txbuf
     00003F9B  G$XT0STATUS$0$0                    uart0txbuf
     00003F9B  _XT0STATUS                         uart0txbuf
     00003F9C  G$XT0CNT$0$0                       uart0txbuf
     00003F9C  G$XT0CNT0$0$0                      uart0txbuf
     00003F9C  _XT0CNT                            uart0txbuf
     00003F9C  _XT0CNT0                           uart0txbuf
     00003F9D  G$XT0CNT1$0$0                      uart0txbuf
     00003F9D  _XT0CNT1                           uart0txbuf
     00003F9E  G$XT0PERIOD$0$0                    uart0txbuf
     00003F9E  G$XT0PERIOD0$0$0                   uart0txbuf
     00003F9E  _XT0PERIOD                         uart0txbuf
     00003F9E  _XT0PERIOD0                        uart0txbuf
     00003F9F  G$XT0PERIOD1$0$0                   uart0txbuf
     00003F9F  _XT0PERIOD1                        uart0txbuf
     00003FA1  G$XT1MODE$0$0                      uart0txbuf
     00003FA1  _XT1MODE                           uart0txbuf
     00003FA2  G$XT1CLKSRC$0$0                    uart0txbuf
ASxxxx Linker V03.00 + NoICE + sdld,  page 15.
Hexadecimal  [32-Bits]

Area                                    Addr        Size        Decimal Bytes (Attributes)
--------------------------------        ----        ----        ------- ----- ------------
.  .ABS.                            00000000    00000000 =           0. bytes (ABS,CON)

      Value  Global                              Global Defined In Module
      -----  --------------------------------   ------------------------
     00003FA2  _XT1CLKSRC                         uart0txbuf
     00003FA3  G$XT1STATUS$0$0                    uart0txbuf
     00003FA3  _XT1STATUS                         uart0txbuf
     00003FA4  G$XT1CNT$0$0                       uart0txbuf
     00003FA4  G$XT1CNT0$0$0                      uart0txbuf
     00003FA4  _XT1CNT                            uart0txbuf
     00003FA4  _XT1CNT0                           uart0txbuf
     00003FA5  G$XT1CNT1$0$0                      uart0txbuf
     00003FA5  _XT1CNT1                           uart0txbuf
     00003FA6  G$XT1PERIOD$0$0                    uart0txbuf
     00003FA6  G$XT1PERIOD0$0$0                   uart0txbuf
     00003FA6  _XT1PERIOD                         uart0txbuf
     00003FA6  _XT1PERIOD0                        uart0txbuf
     00003FA7  G$XT1PERIOD1$0$0                   uart0txbuf
     00003FA7  _XT1PERIOD1                        uart0txbuf
     00003FA8  G$XIE$0$0                          uart0txbuf
     00003FA8  _XIE                               uart0txbuf
     00003FA9  G$XT2MODE$0$0                      uart0txbuf
     00003FA9  _XT2MODE                           uart0txbuf
     00003FAA  G$XT2CLKSRC$0$0                    uart0txbuf
     00003FAA  _XT2CLKSRC                         uart0txbuf
     00003FAB  G$XT2STATUS$0$0                    uart0txbuf
     00003FAB  _XT2STATUS                         uart0txbuf
     00003FAC  G$XT2CNT$0$0                       uart0txbuf
     00003FAC  G$XT2CNT0$0$0                      uart0txbuf
     00003FAC  _XT2CNT                            uart0txbuf
     00003FAC  _XT2CNT0                           uart0txbuf
     00003FAD  G$XT2CNT1$0$0                      uart0txbuf
     00003FAD  _XT2CNT1                           uart0txbuf
     00003FAE  G$XT2PERIOD$0$0                    uart0txbuf
     00003FAE  G$XT2PERIOD0$0$0                   uart0txbuf
     00003FAE  _XT2PERIOD                         uart0txbuf
     00003FAE  _XT2PERIOD0                        uart0txbuf
     00003FAF  G$XT2PERIOD1$0$0                   uart0txbuf
     00003FAF  _XT2PERIOD1                        uart0txbuf
     00003FB1  G$XRADIOACC$0$0                    uart0txbuf
     00003FB1  _XRADIOACC                         uart0txbuf
     00003FB2  G$XRADIOADDR1$0$0                  uart0txbuf
     00003FB2  _XRADIOADDR1                       uart0txbuf
     00003FB3  G$XRADIOADDR0$0$0                  uart0txbuf
     00003FB3  _XRADIOADDR0                       uart0txbuf
     00003FB4  G$XRADIODATA3$0$0                  uart0txbuf
     00003FB4  _XRADIODATA3                       uart0txbuf
     00003FB5  G$XRADIODATA2$0$0                  uart0txbuf
     00003FB5  _XRADIODATA2                       uart0txbuf
     00003FB6  G$XRADIODATA1$0$0                  uart0txbuf
     00003FB6  _XRADIODATA1                       uart0txbuf
     00003FB7  G$XRADIODATA0$0$0                  uart0txbuf
     00003FB7  _XRADIODATA0                       uart0txbuf
     00003FB8  G$XIP$0$0                          uart0txbuf
     00003FB8  _XIP                               uart0txbuf
ASxxxx Linker V03.00 + NoICE + sdld,  page 16.
Hexadecimal  [32-Bits]

Area                                    Addr        Size        Decimal Bytes (Attributes)
--------------------------------        ----        ----        ------- ----- ------------
.  .ABS.                            00000000    00000000 =           0. bytes (ABS,CON)

      Value  Global                              Global Defined In Module
      -----  --------------------------------   ------------------------
     00003FB9  G$XOC0MODE$0$0                     uart0txbuf
     00003FB9  _XOC0MODE                          uart0txbuf
     00003FBA  G$XOC0PIN$0$0                      uart0txbuf
     00003FBA  _XOC0PIN                           uart0txbuf
     00003FBB  G$XOC0STATUS$0$0                   uart0txbuf
     00003FBB  _XOC0STATUS                        uart0txbuf
     00003FBC  G$XOC0COMP$0$0                     uart0txbuf
     00003FBC  G$XOC0COMP0$0$0                    uart0txbuf
     00003FBC  _XOC0COMP                          uart0txbuf
     00003FBC  _XOC0COMP0                         uart0txbuf
     00003FBD  G$XOC0COMP1$0$0                    uart0txbuf
     00003FBD  _XOC0COMP1                         uart0txbuf
     00003FBE  G$XRADIOSTAT$0$0                   uart0txbuf
     00003FBE  G$XRADIOSTAT0$0$0                  uart0txbuf
     00003FBE  _XRADIOSTAT                        uart0txbuf
     00003FBE  _XRADIOSTAT0                       uart0txbuf
     00003FBF  G$XRADIOSTAT1$0$0                  uart0txbuf
     00003FBF  _XRADIOSTAT1                       uart0txbuf
     00003FC1  G$XOC1MODE$0$0                     uart0txbuf
     00003FC1  _XOC1MODE                          uart0txbuf
     00003FC2  G$XOC1PIN$0$0                      uart0txbuf
     00003FC2  _XOC1PIN                           uart0txbuf
     00003FC3  G$XOC1STATUS$0$0                   uart0txbuf
     00003FC3  _XOC1STATUS                        uart0txbuf
     00003FC4  G$XOC1COMP$0$0                     uart0txbuf
     00003FC4  G$XOC1COMP0$0$0                    uart0txbuf
     00003FC4  _XOC1COMP                          uart0txbuf
     00003FC4  _XOC1COMP0                         uart0txbuf
     00003FC5  G$XOC1COMP1$0$0                    uart0txbuf
     00003FC5  _XOC1COMP1                         uart0txbuf
     00003FC6  G$XCLKCON$0$0                      uart0txbuf
     00003FC6  _XCLKCON                           uart0txbuf
     00003FC7  G$XCLKSTAT$0$0                     uart0txbuf
     00003FC7  _XCLKSTAT                          uart0txbuf
     00003FC8  G$XPINA$0$0                        uart0txbuf
     00003FC8  _XPINA                             uart0txbuf
     00003FC9  G$XADCCONV$0$0                     uart0txbuf
     00003FC9  _XADCCONV                          uart0txbuf
     00003FCA  G$XADCCH0CONFIG$0$0                uart0txbuf
     00003FCA  _XADCCH0CONFIG                     uart0txbuf
     00003FCB  G$XADCCH1CONFIG$0$0                uart0txbuf
     00003FCB  _XADCCH1CONFIG                     uart0txbuf
     00003FCC  G$XIC0MODE$0$0                     uart0txbuf
     00003FCC  _XIC0MODE                          uart0txbuf
     00003FCD  G$XIC0STATUS$0$0                   uart0txbuf
     00003FCD  _XIC0STATUS                        uart0txbuf
     00003FCE  G$XIC0CAPT$0$0                     uart0txbuf
     00003FCE  G$XIC0CAPT0$0$0                    uart0txbuf
     00003FCE  _XIC0CAPT                          uart0txbuf
     00003FCE  _XIC0CAPT0                         uart0txbuf
     00003FCF  G$XIC0CAPT1$0$0                    uart0txbuf
ASxxxx Linker V03.00 + NoICE + sdld,  page 17.
Hexadecimal  [32-Bits]

Area                                    Addr        Size        Decimal Bytes (Attributes)
--------------------------------        ----        ----        ------- ----- ------------
.  .ABS.                            00000000    00000000 =           0. bytes (ABS,CON)

      Value  Global                              Global Defined In Module
      -----  --------------------------------   ------------------------
     00003FCF  _XIC0CAPT1                         uart0txbuf
     00003FD1  G$XADCCLKSRC$0$0                   uart0txbuf
     00003FD1  _XADCCLKSRC                        uart0txbuf
     00003FD2  G$XADCCH2CONFIG$0$0                uart0txbuf
     00003FD2  _XADCCH2CONFIG                     uart0txbuf
     00003FD3  G$XADCCH3CONFIG$0$0                uart0txbuf
     00003FD3  _XADCCH3CONFIG                     uart0txbuf
     00003FD4  G$XIC1MODE$0$0                     uart0txbuf
     00003FD4  _XIC1MODE                          uart0txbuf
     00003FD5  G$XIC1STATUS$0$0                   uart0txbuf
     00003FD5  _XIC1STATUS                        uart0txbuf
     00003FD6  G$XIC1CAPT$0$0                     uart0txbuf
     00003FD6  G$XIC1CAPT0$0$0                    uart0txbuf
     00003FD6  _XIC1CAPT                          uart0txbuf
     00003FD6  _XIC1CAPT0                         uart0txbuf
     00003FD7  G$XIC1CAPT1$0$0                    uart0txbuf
     00003FD7  _XIC1CAPT1                         uart0txbuf
     00003FDA  G$XWDTCFG$0$0                      uart0txbuf
     00003FDA  _XWDTCFG                           uart0txbuf
     00003FDB  G$XWDTRESET$0$0                    uart0txbuf
     00003FDB  _XWDTRESET                         uart0txbuf
     00003FDC  G$XSPMODE$0$0                      uart0txbuf
     00003FDC  _XSPMODE                           uart0txbuf
     00003FDD  G$XSPSTATUS$0$0                    uart0txbuf
     00003FDD  _XSPSTATUS                         uart0txbuf
     00003FDE  G$XSPSHREG$0$0                     uart0txbuf
     00003FDE  _XSPSHREG                          uart0txbuf
     00003FDF  G$XSPCLKSRC$0$0                    uart0txbuf
     00003FDF  _XSPCLKSRC                         uart0txbuf
     00003FE1  G$XANALOGCOMP$0$0                  uart0txbuf
     00003FE1  _XANALOGCOMP                       uart0txbuf
     00003FE2  G$XDBGLNKSTAT$0$0                  uart0txbuf
     00003FE2  _XDBGLNKSTAT                       uart0txbuf
     00003FE3  G$XDBGLNKBUF$0$0                   uart0txbuf
     00003FE3  _XDBGLNKBUF                        uart0txbuf
     00003FE4  G$XU0CTRL$0$0                      uart0txbuf
     00003FE4  _XU0CTRL                           uart0txbuf
     00003FE5  G$XU0STATUS$0$0                    uart0txbuf
     00003FE5  _XU0STATUS                         uart0txbuf
     00003FE6  G$XU0SHREG$0$0                     uart0txbuf
     00003FE6  _XU0SHREG                          uart0txbuf
     00003FE7  G$XU0MODE$0$0                      uart0txbuf
     00003FE7  _XU0MODE                           uart0txbuf
     00003FE8  G$XPINB$0$0                        uart0txbuf
     00003FE8  _XPINB                             uart0txbuf
     00003FE9  G$XWTIRQEN$0$0                     uart0txbuf
     00003FE9  _XWTIRQEN                          uart0txbuf
     00003FEA  G$XWTSTAT$0$0                      uart0txbuf
     00003FEA  _XWTSTAT                           uart0txbuf
     00003FEB  G$XWTCNTR1$0$0                     uart0txbuf
     00003FEB  _XWTCNTR1                          uart0txbuf
ASxxxx Linker V03.00 + NoICE + sdld,  page 18.
Hexadecimal  [32-Bits]

Area                                    Addr        Size        Decimal Bytes (Attributes)
--------------------------------        ----        ----        ------- ----- ------------
.  .ABS.                            00000000    00000000 =           0. bytes (ABS,CON)

      Value  Global                              Global Defined In Module
      -----  --------------------------------   ------------------------
     00003FEC  G$XU1CTRL$0$0                      uart0txbuf
     00003FEC  _XU1CTRL                           uart0txbuf
     00003FED  G$XU1STATUS$0$0                    uart0txbuf
     00003FED  _XU1STATUS                         uart0txbuf
     00003FEE  G$XU1SHREG$0$0                     uart0txbuf
     00003FEE  _XU1SHREG                          uart0txbuf
     00003FEF  G$XU1MODE$0$0                      uart0txbuf
     00003FEF  _XU1MODE                           uart0txbuf
     00003FF1  G$XWTCFGA$0$0                      uart0txbuf
     00003FF1  _XWTCFGA                           uart0txbuf
     00003FF2  G$XWTCNTA$0$0                      uart0txbuf
     00003FF2  G$XWTCNTA0$0$0                     uart0txbuf
     00003FF2  _XWTCNTA                           uart0txbuf
     00003FF2  _XWTCNTA0                          uart0txbuf
     00003FF3  G$XWTCNTA1$0$0                     uart0txbuf
     00003FF3  _XWTCNTA1                          uart0txbuf
     00003FF4  G$XWTEVTA$0$0                      uart0txbuf
     00003FF4  G$XWTEVTA0$0$0                     uart0txbuf
     00003FF4  _XWTEVTA                           uart0txbuf
     00003FF4  _XWTEVTA0                          uart0txbuf
     00003FF5  G$XWTEVTA1$0$0                     uart0txbuf
     00003FF5  _XWTEVTA1                          uart0txbuf
     00003FF6  G$XWTEVTB$0$0                      uart0txbuf
     00003FF6  G$XWTEVTB0$0$0                     uart0txbuf
     00003FF6  _XWTEVTB                           uart0txbuf
     00003FF6  _XWTEVTB0                          uart0txbuf
     00003FF7  G$XWTEVTB1$0$0                     uart0txbuf
     00003FF7  _XWTEVTB1                          uart0txbuf
     00003FF8  G$XPINC$0$0                        uart0txbuf
     00003FF8  _XPINC                             uart0txbuf
     00003FF9  G$XWTCFGB$0$0                      uart0txbuf
     00003FF9  _XWTCFGB                           uart0txbuf
     00003FFA  G$XWTCNTB$0$0                      uart0txbuf
     00003FFA  G$XWTCNTB0$0$0                     uart0txbuf
     00003FFA  _XWTCNTB                           uart0txbuf
     00003FFA  _XWTCNTB0                          uart0txbuf
     00003FFB  G$XWTCNTB1$0$0                     uart0txbuf
     00003FFB  _XWTCNTB1                          uart0txbuf
     00003FFC  G$XWTEVTC$0$0                      uart0txbuf
     00003FFC  G$XWTEVTC0$0$0                     uart0txbuf
     00003FFC  _XWTEVTC                           uart0txbuf
     00003FFC  _XWTEVTC0                          uart0txbuf
     00003FFD  G$XWTEVTC1$0$0                     uart0txbuf
     00003FFD  _XWTEVTC1                          uart0txbuf
     00003FFE  G$XWTEVTD$0$0                      uart0txbuf
     00003FFE  G$XWTEVTD0$0$0                     uart0txbuf
     00003FFE  _XWTEVTD                           uart0txbuf
     00003FFE  _XWTEVTD0                          uart0txbuf
     00003FFF  G$XWTEVTD1$0$0                     uart0txbuf
     00003FFF  _XWTEVTD1                          uart0txbuf
     00004000  G$AX5043_SILICONREVISION$0$0       radiodswakecore
ASxxxx Linker V03.00 + NoICE + sdld,  page 19.
Hexadecimal  [32-Bits]

Area                                    Addr        Size        Decimal Bytes (Attributes)
--------------------------------        ----        ----        ------- ----- ------------
.  .ABS.                            00000000    00000000 =           0. bytes (ABS,CON)

      Value  Global                              Global Defined In Module
      -----  --------------------------------   ------------------------
     00004000  _AX5043_SILICONREVISION            radiodswakecore
     00004001  G$AX5043_SCRATCH$0$0               radiodswakecore
     00004001  _AX5043_SCRATCH                    radiodswakecore
     00004002  G$AX5043_PWRMODE$0$0               radiodswakecore
     00004002  _AX5043_PWRMODE                    radiodswakecore
     00004003  G$AX5043_POWSTAT$0$0               radiodswakecore
     00004003  _AX5043_POWSTAT                    radiodswakecore
     00004004  G$AX5043_POWSTICKYSTAT$0$0         radiodswakecore
     00004004  _AX5043_POWSTICKYSTAT              radiodswakecore
     00004005  G$AX5043_POWIRQMASK$0$0            radiodswakecore
     00004005  _AX5043_POWIRQMASK                 radiodswakecore
     00004006  G$AX5043_IRQMASK1$0$0              radiodswakecore
     00004006  _AX5043_IRQMASK1                   radiodswakecore
     00004007  G$AX5043_IRQMASK0$0$0              radiodswakecore
     00004007  _AX5043_IRQMASK0                   radiodswakecore
     00004008  G$AX5043_RADIOEVENTMASK1$0$0       radiodswakecore
     00004008  _AX5043_RADIOEVENTMASK1            radiodswakecore
     00004009  G$AX5043_RADIOEVENTMASK0$0$0       radiodswakecore
     00004009  _AX5043_RADIOEVENTMASK0            radiodswakecore
     0000400A  G$AX5043_IRQINVERSION1$0$0         radiodswakecore
     0000400A  _AX5043_IRQINVERSION1              radiodswakecore
     0000400B  G$AX5043_IRQINVERSION0$0$0         radiodswakecore
     0000400B  _AX5043_IRQINVERSION0              radiodswakecore
     0000400C  G$AX5043_IRQREQUEST1$0$0           radiodswakecore
     0000400C  _AX5043_IRQREQUEST1                radiodswakecore
     0000400D  G$AX5043_IRQREQUEST0$0$0           radiodswakecore
     0000400D  _AX5043_IRQREQUEST0                radiodswakecore
     0000400E  G$AX5043_RADIOEVENTREQ1$0$0        radiodswakecore
     0000400E  _AX5043_RADIOEVENTREQ1             radiodswakecore
     0000400F  G$AX5043_RADIOEVENTREQ0$0$0        radiodswakecore
     0000400F  _AX5043_RADIOEVENTREQ0             radiodswakecore
     00004010  G$AX5043_MODULATION$0$0            radiodswakecore
     00004010  _AX5043_MODULATION                 radiodswakecore
     00004011  G$AX5043_ENCODING$0$0              radiodswakecore
     00004011  _AX5043_ENCODING                   radiodswakecore
     00004012  G$AX5043_FRAMING$0$0               radiodswakecore
     00004012  _AX5043_FRAMING                    radiodswakecore
     00004014  G$AX5043_CRCINIT3$0$0              radiodswakecore
     00004014  _AX5043_CRCINIT3                   radiodswakecore
     00004015  G$AX5043_CRCINIT2$0$0              radiodswakecore
     00004015  _AX5043_CRCINIT2                   radiodswakecore
     00004016  G$AX5043_CRCINIT1$0$0              radiodswakecore
     00004016  _AX5043_CRCINIT1                   radiodswakecore
     00004017  G$AX5043_CRCINIT0$0$0              radiodswakecore
     00004017  _AX5043_CRCINIT0                   radiodswakecore
     00004018  G$AX5043_FEC$0$0                   radiodswakecore
     00004018  _AX5043_FEC                        radiodswakecore
     00004019  G$AX5043_FECSYNC$0$0               radiodswakecore
     00004019  _AX5043_FECSYNC                    radiodswakecore
     0000401A  G$AX5043_FECSTATUS$0$0             radiodswakecore
     0000401A  _AX5043_FECSTATUS                  radiodswakecore
ASxxxx Linker V03.00 + NoICE + sdld,  page 20.
Hexadecimal  [32-Bits]

Area                                    Addr        Size        Decimal Bytes (Attributes)
--------------------------------        ----        ----        ------- ----- ------------
.  .ABS.                            00000000    00000000 =           0. bytes (ABS,CON)

      Value  Global                              Global Defined In Module
      -----  --------------------------------   ------------------------
     0000401C  G$AX5043_RADIOSTATE$0$0            radiodswakecore
     0000401C  _AX5043_RADIOSTATE                 radiodswakecore
     0000401D  G$AX5043_XTALSTATUS$0$0            radiodswakecore
     0000401D  _AX5043_XTALSTATUS                 radiodswakecore
     00004020  G$AX5043_PINSTATE$0$0              radiodswakecore
     00004020  _AX5043_PINSTATE                   radiodswakecore
     00004021  G$AX5043_PINFUNCSYSCLK$0$0         radiodswakecore
     00004021  _AX5043_PINFUNCSYSCLK              radiodswakecore
     00004022  G$AX5043_PINFUNCDCLK$0$0           radiodswakecore
     00004022  _AX5043_PINFUNCDCLK                radiodswakecore
     00004023  G$AX5043_PINFUNCDATA$0$0           radiodswakecore
     00004023  _AX5043_PINFUNCDATA                radiodswakecore
     00004024  G$AX5043_PINFUNCIRQ$0$0            radiodswakecore
     00004024  _AX5043_PINFUNCIRQ                 radiodswakecore
     00004025  G$AX5043_PINFUNCANTSEL$0$0         radiodswakecore
     00004025  _AX5043_PINFUNCANTSEL              radiodswakecore
     00004026  G$AX5043_PINFUNCPWRAMP$0$0         radiodswakecore
     00004026  _AX5043_PINFUNCPWRAMP              radiodswakecore
     00004027  G$AX5043_PWRAMP$0$0                radiodswakecore
     00004027  _AX5043_PWRAMP                     radiodswakecore
     00004028  G$AX5043_FIFOSTAT$0$0              radiodswakecore
     00004028  _AX5043_FIFOSTAT                   radiodswakecore
     00004029  G$AX5043_FIFODATA$0$0              radiodswakecore
     00004029  _AX5043_FIFODATA                   radiodswakecore
     0000402A  G$AX5043_FIFOCOUNT1$0$0            radiodswakecore
     0000402A  _AX5043_FIFOCOUNT1                 radiodswakecore
     0000402B  G$AX5043_FIFOCOUNT0$0$0            radiodswakecore
     0000402B  _AX5043_FIFOCOUNT0                 radiodswakecore
     0000402C  G$AX5043_FIFOFREE1$0$0             radiodswakecore
     0000402C  _AX5043_FIFOFREE1                  radiodswakecore
     0000402D  G$AX5043_FIFOFREE0$0$0             radiodswakecore
     0000402D  _AX5043_FIFOFREE0                  radiodswakecore
     0000402E  G$AX5043_FIFOTHRESH1$0$0           radiodswakecore
     0000402E  _AX5043_FIFOTHRESH1                radiodswakecore
     0000402F  G$AX5043_FIFOTHRESH0$0$0           radiodswakecore
     0000402F  _AX5043_FIFOTHRESH0                radiodswakecore
     00004030  G$AX5043_PLLLOOP$0$0               radiodswakecore
     00004030  _AX5043_PLLLOOP                    radiodswakecore
     00004031  G$AX5043_PLLCPI$0$0                radiodswakecore
     00004031  _AX5043_PLLCPI                     radiodswakecore
     00004032  G$AX5043_PLLVCODIV$0$0             radiodswakecore
     00004032  _AX5043_PLLVCODIV                  radiodswakecore
     00004033  G$AX5043_PLLRANGINGA$0$0           radiodswakecore
     00004033  _AX5043_PLLRANGINGA                radiodswakecore
     00004034  G$AX5043_FREQA3$0$0                radiodswakecore
     00004034  _AX5043_FREQA3                     radiodswakecore
     00004035  G$AX5043_FREQA2$0$0                radiodswakecore
     00004035  _AX5043_FREQA2                     radiodswakecore
     00004036  G$AX5043_FREQA1$0$0                radiodswakecore
     00004036  _AX5043_FREQA1                     radiodswakecore
     00004037  G$AX5043_FREQA0$0$0                radiodswakecore
ASxxxx Linker V03.00 + NoICE + sdld,  page 21.
Hexadecimal  [32-Bits]

Area                                    Addr        Size        Decimal Bytes (Attributes)
--------------------------------        ----        ----        ------- ----- ------------
.  .ABS.                            00000000    00000000 =           0. bytes (ABS,CON)

      Value  Global                              Global Defined In Module
      -----  --------------------------------   ------------------------
     00004037  _AX5043_FREQA0                     radiodswakecore
     00004038  G$AX5043_PLLLOOPBOOST$0$0          radiodswakecore
     00004038  _AX5043_PLLLOOPBOOST               radiodswakecore
     00004039  G$AX5043_PLLCPIBOOST$0$0           radiodswakecore
     00004039  _AX5043_PLLCPIBOOST                radiodswakecore
     0000403B  G$AX5043_PLLRANGINGB$0$0           radiodswakecore
     0000403B  _AX5043_PLLRANGINGB                radiodswakecore
     0000403C  G$AX5043_FREQB3$0$0                radiodswakecore
     0000403C  _AX5043_FREQB3                     radiodswakecore
     0000403D  G$AX5043_FREQB2$0$0                radiodswakecore
     0000403D  _AX5043_FREQB2                     radiodswakecore
     0000403E  G$AX5043_FREQB1$0$0                radiodswakecore
     0000403E  _AX5043_FREQB1                     radiodswakecore
     0000403F  G$AX5043_FREQB0$0$0                radiodswakecore
     0000403F  _AX5043_FREQB0                     radiodswakecore
     00004040  G$AX5043_RSSI$0$0                  radiodswakecore
     00004040  _AX5043_RSSI                       radiodswakecore
     00004041  G$AX5043_BGNDRSSI$0$0              radiodswakecore
     00004041  _AX5043_BGNDRSSI                   radiodswakecore
     00004042  G$AX5043_DIVERSITY$0$0             radiodswakecore
     00004042  _AX5043_DIVERSITY                  radiodswakecore
     00004043  G$AX5043_AGCCOUNTER$0$0            radiodswakecore
     00004043  _AX5043_AGCCOUNTER                 radiodswakecore
     00004045  G$AX5043_TRKDATARATE2$0$0          radiodswakecore
     00004045  _AX5043_TRKDATARATE2               radiodswakecore
     00004046  G$AX5043_TRKDATARATE1$0$0          radiodswakecore
     00004046  _AX5043_TRKDATARATE1               radiodswakecore
     00004047  G$AX5043_TRKDATARATE0$0$0          radiodswakecore
     00004047  _AX5043_TRKDATARATE0               radiodswakecore
     00004048  G$AX5043_TRKAMPLITUDE1$0$0         radiodswakecore
     00004048  _AX5043_TRKAMPLITUDE1              radiodswakecore
     00004049  G$AX5043_TRKAMPLITUDE0$0$0         radiodswakecore
     00004049  _AX5043_TRKAMPLITUDE0              radiodswakecore
     0000404A  G$AX5043_TRKPHASE1$0$0             radiodswakecore
     0000404A  _AX5043_TRKPHASE1                  radiodswakecore
     0000404B  G$AX5043_TRKPHASE0$0$0             radiodswakecore
     0000404B  _AX5043_TRKPHASE0                  radiodswakecore
     0000404D  G$AX5043_TRKRFFREQ2$0$0            radiodswakecore
     0000404D  _AX5043_TRKRFFREQ2                 radiodswakecore
     0000404E  G$AX5043_TRKRFFREQ1$0$0            radiodswakecore
     0000404E  _AX5043_TRKRFFREQ1                 radiodswakecore
     0000404F  G$AX5043_TRKRFFREQ0$0$0            radiodswakecore
     0000404F  _AX5043_TRKRFFREQ0                 radiodswakecore
     00004050  G$AX5043_TRKFREQ1$0$0              radiodswakecore
     00004050  _AX5043_TRKFREQ1                   radiodswakecore
     00004051  G$AX5043_TRKFREQ0$0$0              radiodswakecore
     00004051  _AX5043_TRKFREQ0                   radiodswakecore
     00004052  G$AX5043_TRKFSKDEMOD1$0$0          radiodswakecore
     00004052  _AX5043_TRKFSKDEMOD1               radiodswakecore
     00004053  G$AX5043_TRKFSKDEMOD0$0$0          radiodswakecore
     00004053  _AX5043_TRKFSKDEMOD0               radiodswakecore
ASxxxx Linker V03.00 + NoICE + sdld,  page 22.
Hexadecimal  [32-Bits]

Area                                    Addr        Size        Decimal Bytes (Attributes)
--------------------------------        ----        ----        ------- ----- ------------
.  .ABS.                            00000000    00000000 =           0. bytes (ABS,CON)

      Value  Global                              Global Defined In Module
      -----  --------------------------------   ------------------------
     00004054  G$AX5043_TRKAFSKDEMOD1$0$0         radiodswakecore
     00004054  _AX5043_TRKAFSKDEMOD1              radiodswakecore
     00004055  G$AX5043_TRKAFSKDEMOD0$0$0         radiodswakecore
     00004055  _AX5043_TRKAFSKDEMOD0              radiodswakecore
     00004059  G$AX5043_TIMER2$0$0                radiodswakecore
     00004059  _AX5043_TIMER2                     radiodswakecore
     0000405A  G$AX5043_TIMER1$0$0                radiodswakecore
     0000405A  _AX5043_TIMER1                     radiodswakecore
     0000405B  G$AX5043_TIMER0$0$0                radiodswakecore
     0000405B  _AX5043_TIMER0                     radiodswakecore
     00004068  G$AX5043_WAKEUPTIMER1$0$0          radiodswakecore
     00004068  _AX5043_WAKEUPTIMER1               radiodswakecore
     00004069  G$AX5043_WAKEUPTIMER0$0$0          radiodswakecore
     00004069  _AX5043_WAKEUPTIMER0               radiodswakecore
     0000406A  G$AX5043_WAKEUP1$0$0               radiodswakecore
     0000406A  _AX5043_WAKEUP1                    radiodswakecore
     0000406B  G$AX5043_WAKEUP0$0$0               radiodswakecore
     0000406B  _AX5043_WAKEUP0                    radiodswakecore
     0000406C  G$AX5043_WAKEUPFREQ1$0$0           radiodswakecore
     0000406C  _AX5043_WAKEUPFREQ1                radiodswakecore
     0000406D  G$AX5043_WAKEUPFREQ0$0$0           radiodswakecore
     0000406D  _AX5043_WAKEUPFREQ0                radiodswakecore
     0000406E  G$AX5043_WAKEUPXOEARLY$0$0         radiodswakecore
     0000406E  _AX5043_WAKEUPXOEARLY              radiodswakecore
     00004100  G$AX5043_IFFREQ1$0$0               radiodswakecore
     00004100  _AX5043_IFFREQ1                    radiodswakecore
     00004101  G$AX5043_IFFREQ0$0$0               radiodswakecore
     00004101  _AX5043_IFFREQ0                    radiodswakecore
     00004102  G$AX5043_DECIMATION$0$0            radiodswakecore
     00004102  _AX5043_DECIMATION                 radiodswakecore
     00004103  G$AX5043_RXDATARATE2$0$0           radiodswakecore
     00004103  _AX5043_RXDATARATE2                radiodswakecore
     00004104  G$AX5043_RXDATARATE1$0$0           radiodswakecore
     00004104  _AX5043_RXDATARATE1                radiodswakecore
     00004105  G$AX5043_RXDATARATE0$0$0           radiodswakecore
     00004105  _AX5043_RXDATARATE0                radiodswakecore
     00004106  G$AX5043_MAXDROFFSET2$0$0          radiodswakecore
     00004106  _AX5043_MAXDROFFSET2               radiodswakecore
     00004107  G$AX5043_MAXDROFFSET1$0$0          radiodswakecore
     00004107  _AX5043_MAXDROFFSET1               radiodswakecore
     00004108  G$AX5043_MAXDROFFSET0$0$0          radiodswakecore
     00004108  _AX5043_MAXDROFFSET0               radiodswakecore
     00004109  G$AX5043_MAXRFOFFSET2$0$0          radiodswakecore
     00004109  _AX5043_MAXRFOFFSET2               radiodswakecore
     0000410A  G$AX5043_MAXRFOFFSET1$0$0          radiodswakecore
     0000410A  _AX5043_MAXRFOFFSET1               radiodswakecore
     0000410B  G$AX5043_MAXRFOFFSET0$0$0          radiodswakecore
     0000410B  _AX5043_MAXRFOFFSET0               radiodswakecore
     0000410C  G$AX5043_FSKDMAX1$0$0              radiodswakecore
     0000410C  _AX5043_FSKDMAX1                   radiodswakecore
     0000410D  G$AX5043_FSKDMAX0$0$0              radiodswakecore
ASxxxx Linker V03.00 + NoICE + sdld,  page 23.
Hexadecimal  [32-Bits]

Area                                    Addr        Size        Decimal Bytes (Attributes)
--------------------------------        ----        ----        ------- ----- ------------
.  .ABS.                            00000000    00000000 =           0. bytes (ABS,CON)

      Value  Global                              Global Defined In Module
      -----  --------------------------------   ------------------------
     0000410D  _AX5043_FSKDMAX0                   radiodswakecore
     0000410E  G$AX5043_FSKDMIN1$0$0              radiodswakecore
     0000410E  _AX5043_FSKDMIN1                   radiodswakecore
     0000410F  G$AX5043_FSKDMIN0$0$0              radiodswakecore
     0000410F  _AX5043_FSKDMIN0                   radiodswakecore
     00004110  G$AX5043_AFSKSPACE1$0$0            radiodswakecore
     00004110  _AX5043_AFSKSPACE1                 radiodswakecore
     00004111  G$AX5043_AFSKSPACE0$0$0            radiodswakecore
     00004111  _AX5043_AFSKSPACE0                 radiodswakecore
     00004112  G$AX5043_AFSKMARK1$0$0             radiodswakecore
     00004112  _AX5043_AFSKMARK1                  radiodswakecore
     00004113  G$AX5043_AFSKMARK0$0$0             radiodswakecore
     00004113  _AX5043_AFSKMARK0                  radiodswakecore
     00004114  G$AX5043_AFSKCTRL$0$0              radiodswakecore
     00004114  _AX5043_AFSKCTRL                   radiodswakecore
     00004115  G$AX5043_AMPLFILTER$0$0            radiodswakecore
     00004115  _AX5043_AMPLFILTER                 radiodswakecore
     00004116  G$AX5043_FREQUENCYLEAK$0$0         radiodswakecore
     00004116  _AX5043_FREQUENCYLEAK              radiodswakecore
     00004117  G$AX5043_RXPARAMSETS$0$0           radiodswakecore
     00004117  _AX5043_RXPARAMSETS                radiodswakecore
     00004118  G$AX5043_RXPARAMCURSET$0$0         radiodswakecore
     00004118  _AX5043_RXPARAMCURSET              radiodswakecore
     00004120  G$AX5043_AGCGAIN0$0$0              radiodswakecore
     00004120  _AX5043_AGCGAIN0                   radiodswakecore
     00004121  G$AX5043_AGCTARGET0$0$0            radiodswakecore
     00004121  _AX5043_AGCTARGET0                 radiodswakecore
     00004122  G$AX5043_AGCAHYST0$0$0             radiodswakecore
     00004122  _AX5043_AGCAHYST0                  radiodswakecore
     00004123  G$AX5043_AGCMINMAX0$0$0            radiodswakecore
     00004123  _AX5043_AGCMINMAX0                 radiodswakecore
     00004124  G$AX5043_TIMEGAIN0$0$0             radiodswakecore
     00004124  _AX5043_TIMEGAIN0                  radiodswakecore
     00004125  G$AX5043_DRGAIN0$0$0               radiodswakecore
     00004125  _AX5043_DRGAIN0                    radiodswakecore
     00004126  G$AX5043_PHASEGAIN0$0$0            radiodswakecore
     00004126  _AX5043_PHASEGAIN0                 radiodswakecore
     00004127  G$AX5043_FREQUENCYGAINA0$0$0       radiodswakecore
     00004127  _AX5043_FREQUENCYGAINA0            radiodswakecore
     00004128  G$AX5043_FREQUENCYGAINB0$0$0       radiodswakecore
     00004128  _AX5043_FREQUENCYGAINB0            radiodswakecore
     00004129  G$AX5043_FREQUENCYGAINC0$0$0       radiodswakecore
     00004129  _AX5043_FREQUENCYGAINC0            radiodswakecore
     0000412A  G$AX5043_FREQUENCYGAIND0$0$0       radiodswakecore
     0000412A  _AX5043_FREQUENCYGAIND0            radiodswakecore
     0000412B  G$AX5043_AMPLITUDEGAIN0$0$0        radiodswakecore
     0000412B  _AX5043_AMPLITUDEGAIN0             radiodswakecore
     0000412C  G$AX5043_FREQDEV10$0$0             radiodswakecore
     0000412C  _AX5043_FREQDEV10                  radiodswakecore
     0000412D  G$AX5043_FREQDEV00$0$0             radiodswakecore
     0000412D  _AX5043_FREQDEV00                  radiodswakecore
ASxxxx Linker V03.00 + NoICE + sdld,  page 24.
Hexadecimal  [32-Bits]

[...]
C:   000051F6  C$dbglink.c$175$1$64               dbglink
C:   000051F6  G$dbglink_txadvance$0$0            dbglink
C:   000051F6  XG$dbglink_rxadvance$0$0           dbglink
C:   000051F6  _dbglink_txadvance                 dbglink
C:   000051F8  A$dbglink$1786                     dbglink
C:   000051F9  A$dbglink$1788                     dbglink
C:   000051FB  A$dbglink$1789                     dbglink
C:   000051FD  A$dbglink$1790                     dbglink
C:   000051FF  A$dbglink$1791                     dbglink
C:   00005201  A$dbglink$1792                     dbglink
C:   00005203  A$dbglink$1793                     dbglink
C:   00005205  A$dbglink$1795                     dbglink
C:   00005207  A$dbglink$1796                     dbglink
C:   00005209  A$dbglink$1797                     dbglink
C:   0000520B  A$dbglink$1798                     dbglink
C:   0000520D  A$dbglink$1800                     dbglink
C:   0000520F  A$dbglink$1801                     dbglink
C:   00005212  A$dbglink$1803                     dbglink
C:   00005213  A$dbglink$1823                     dbglink
C:   00005213  C$dbglink.c$176$1$64               dbglink
C:   00005213  C$dbglink.c$178$1$64               dbglink
C:   00005213  C$dbglink.c$200$1$66               dbglink
C:   00005213  G$dbglink_rxbufptr$0$0             dbglink
C:   00005213  XG$dbglink_txadvance$0$0           dbglink
C:   00005213  _dbglink_rxbufptr                  dbglink
ASxxxx Linker V03.00 + NoICE + sdld,  page 163.
Hexadecimal  [32-Bits]

Area                                    Addr        Size        Decimal Bytes (Attributes)
--------------------------------        ----        ----        ------- ----- ------------
DBGLINK0                            0000517A    000000DD =         221. bytes (REL,CON,CODE)

      Value  Global                              Global Defined In Module
      -----  --------------------------------   ------------------------
C:   00005215  A$dbglink$1824                     dbglink
C:   00005216  A$dbglink$1826                     dbglink
C:   00005218  A$dbglink$1827                     dbglink
C:   0000521A  A$dbglink$1828                     dbglink
C:   0000521C  A$dbglink$1829                     dbglink
C:   0000521E  A$dbglink$1830                     dbglink
C:   00005220  A$dbglink$1832                     dbglink
C:   00005222  A$dbglink$1833                     dbglink
C:   00005224  A$dbglink$1834                     dbglink
C:   00005226  A$dbglink$1835                     dbglink
C:   00005228  A$dbglink$1837                     dbglink
C:   0000522B  A$dbglink$1838                     dbglink
C:   0000522D  A$dbglink$1839                     dbglink
C:   0000522F  A$dbglink$1840                     dbglink
C:   00005230  A$dbglink$1841                     dbglink
C:   00005232  A$dbglink$1842                     dbglink
C:   00005234  A$dbglink$1843                     dbglink
C:   00005235  A$dbglink$1863                     dbglink
C:   00005235  C$dbglink.c$201$1$66               dbglink
C:   00005235  C$dbglink.c$203$1$66               dbglink
C:   00005235  C$dbglink.c$228$1$68               dbglink
C:   00005235  G$dbglink_txbufptr$0$0             dbglink
C:   00005235  XG$dbglink_rxbufptr$0$0            dbglink
C:   00005235  _dbglink_txbufptr                  dbglink
C:   00005237  A$dbglink$1864                     dbglink
C:   00005238  A$dbglink$1866                     dbglink
C:   0000523A  A$dbglink$1867                     dbglink
C:   0000523C  A$dbglink$1868                     dbglink
C:   0000523E  A$dbglink$1869                     dbglink
C:   00005240  A$dbglink$1870                     dbglink
C:   00005242  A$dbglink$1872                     dbglink
C:   00005244  A$dbglink$1873                     dbglink
C:   00005246  A$dbglink$1874                     dbglink
C:   00005248  A$dbglink$1875                     dbglink
C:   0000524A  A$dbglink$1877                     dbglink
C:   0000524D  A$dbglink$1878                     dbglink
C:   0000524F  A$dbglink$1879                     dbglink
C:   00005251  A$dbglink$1880                     dbglink
C:   00005252  A$dbglink$1881                     dbglink
C:   00005254  A$dbglink$1882                     dbglink
C:   00005256  A$dbglink$1883                     dbglink

ASxxxx Linker V03.00 + NoICE + sdld,  page 164.
Hexadecimal  [32-Bits]

Area                                    Addr        Size        Decimal Bytes (Attributes)
--------------------------------        ----        ----        ------- ----- ------------
DBGLINK1                            00005257    00000002 =           2. bytes (REL,CON,CODE)

      Value  Global                              Global Defined In Module
      -----  --------------------------------   ------------------------
ASxxxx Linker V03.00 + NoICE + sdld,  page 165.
Hexadecimal  [32-Bits]

Area                                    Addr        Size        Decimal Bytes (Attributes)
--------------------------------        ----        ----        ------- ----- ------------
DBGLINK2                            00005259    00000002 =           2. bytes (REL,CON,CODE)

      Value  Global                              Global Defined In Module
      -----  --------------------------------   ------------------------
ASxxxx Linker V03.00 + NoICE + sdld,  page 166.
Hexadecimal  [32-Bits]

Area                                    Addr        Size        Decimal Bytes (Attributes)
--------------------------------        ----        ----        ------- ----- ------------
DBGLINK3                            0000525B    00000054 =          84. bytes (REL,CON,CODE)

      Value  Global                              Global Defined In Module
      -----  --------------------------------   ------------------------
C:   0000525B  A$dbglink$1903                     dbglink
C:   0000525B  C$dbglink.c$229$1$68               dbglink
C:   0000525B  C$dbglink.c$231$1$68               dbglink
C:   0000525B  C$dbglink.c$246$1$70               dbglink
C:   0000525B  G$dbglink_txfreelinear$0$0         dbglink
C:   0000525B  XG$dbglink_txbufptr$0$0            dbglink
C:   0000525B  _dbglink_txfreelinear              dbglink
C:   0000525D  A$dbglink$1904                     dbglink
C:   0000525E  A$dbglink$1905                     dbglink
C:   00005260  A$dbglink$1906                     dbglink
C:   00005262  A$dbglink$1907                     dbglink
C:   00005264  A$dbglink$1908                     dbglink
C:   00005266  A$dbglink$1909                     dbglink
C:   00005267  A$dbglink$1910                     dbglink
C:   00005269  A$dbglink$1911                     dbglink
C:   0000526A  A$dbglink$1913                     dbglink
C:   0000526C  A$dbglink$1915                     dbglink
C:   0000526E  A$dbglink$1916                     dbglink
C:   0000526F  A$dbglink$1934                     dbglink
C:   0000526F  C$dbglink.c$247$1$70               dbglink
C:   0000526F  C$dbglink.c$249$1$70               dbglink
C:   0000526F  C$dbglink.c$262$1$72               dbglink
C:   0000526F  G$dbglink_txfree$0$0               dbglink
C:   0000526F  XG$dbglink_txfreelinear$0$0        dbglink
C:   0000526F  _dbglink_txfree                    dbglink
C:   00005271  A$dbglink$1935                     dbglink
C:   00005272  A$dbglink$1936                     dbglink
C:   00005274  A$dbglink$1937                     dbglink
C:   00005276  A$dbglink$1938                     dbglink
C:   00005278  A$dbglink$1939                     dbglink
C:   0000527A  A$dbglink$1940                     dbglink
C:   0000527B  A$dbglink$1942                     dbglink
C:   0000527D  A$dbglink$1943                     dbglink
C:   0000527F  A$dbglink$1945                     dbglink
C:   00005280  A$dbglink$1963                     dbglink
C:   00005280  C$dbglink.c$263$1$72               dbglink
C:   00005280  C$dbglink.c$265$1$72               dbglink
C:   00005280  C$dbglink.c$278$1$74               dbglink
C:   00005280  G$dbglink_rxcountlinear$0$0        dbglink
C:   00005280  XG$dbglink_txfree$0$0              dbglink
C:   00005280  _dbglink_rxcountlinear             dbglink
C:   00005282  A$dbglink$1964                     dbglink
C:   00005283  A$dbglink$1965                     dbglink
C:   00005285  A$dbglink$1966                     dbglink
C:   00005287  A$dbglink$1967                     dbglink
C:   00005289  A$dbglink$1968                     dbglink
C:   0000528A  A$dbglink$1970                     dbglink
C:   0000528B  A$dbglink$1971                     dbglink
C:   0000528D  A$dbglink$1973                     dbglink
C:   0000528F  A$dbglink$1974                     dbglink
ASxxxx Linker V03.00 + NoICE + sdld,  page 167.
Hexadecimal  [32-Bits]

Area                                    Addr        Size        Decimal Bytes (Attributes)
--------------------------------        ----        ----        ------- ----- ------------
DBGLINK3                            0000525B    00000054 =          84. bytes (REL,CON,CODE)

      Value  Global                              Global Defined In Module
      -----  --------------------------------   ------------------------
C:   00005290  A$dbglink$1992                     dbglink
C:   00005290  C$dbglink.c$279$1$74               dbglink
C:   00005290  C$dbglink.c$281$1$74               dbglink
C:   00005290  C$dbglink.c$294$1$76               dbglink
C:   00005290  G$dbglink_rxcount$0$0              dbglink
C:   00005290  XG$dbglink_rxcountlinear$0$0       dbglink
C:   00005290  _dbglink_rxcount                   dbglink
C:   00005292  A$dbglink$1993                     dbglink
C:   00005293  A$dbglink$1994                     dbglink
C:   00005295  A$dbglink$1995                     dbglink
C:   00005297  A$dbglink$1996                     dbglink
C:   00005299  A$dbglink$1997                     dbglink
C:   0000529B  A$dbglink$1998                     dbglink
C:   0000529C  A$dbglink$2000                     dbglink
C:   0000529E  A$dbglink$2001                     dbglink
C:   000052A0  A$dbglink$2003                     dbglink
C:   000052A1  A$dbglink$2021                     dbglink
C:   000052A1  C$dbglink.c$295$1$76               dbglink
C:   000052A1  C$dbglink.c$297$1$76               dbglink
C:   000052A1  C$dbglink.c$305$1$78               dbglink
C:   000052A1  G$dbglink_txbuffersize$0$0         dbglink
C:   000052A1  XG$dbglink_rxcount$0$0             dbglink
C:   000052A1  _dbglink_txbuffersize              dbglink
C:   000052A3  A$dbglink$2022                     dbglink
C:   000052A4  A$dbglink$2024                     dbglink
C:   000052A5  A$dbglink$2025                     dbglink
C:   000052A7  A$dbglink$2026                     dbglink
C:   000052A8  A$dbglink$2044                     dbglink
C:   000052A8  C$dbglink.c$306$1$78               dbglink
C:   000052A8  C$dbglink.c$308$1$78               dbglink
C:   000052A8  C$dbglink.c$319$1$80               dbglink
C:   000052A8  G$dbglink_rxbuffersize$0$0         dbglink
C:   000052A8  XG$dbglink_txbuffersize$0$0        dbglink
C:   000052A8  _dbglink_rxbuffersize              dbglink
C:   000052AA  A$dbglink$2045                     dbglink
C:   000052AB  A$dbglink$2047                     dbglink
C:   000052AC  A$dbglink$2048                     dbglink
C:   000052AE  A$dbglink$2049                     dbglink

ASxxxx Linker V03.00 + NoICE + sdld,  page 168.
Hexadecimal  [32-Bits]

Area                                    Addr        Size        Decimal Bytes (Attributes)
--------------------------------        ----        ----        ------- ----- ------------
DBGLINK4                            000052AF    00000001 =           1. bytes (REL,CON,CODE)

      Value  Global                              Global Defined In Module
      -----  --------------------------------   ------------------------
ASxxxx Linker V03.00 + NoICE + sdld,  page 169.
Hexadecimal  [32-Bits]

Area                                    Addr        Size        Decimal Bytes (Attributes)
--------------------------------        ----        ----        ------- ----- ------------
DBGLINK5                            000052B0    00000001 =           1. bytes (REL,CON,CODE)

      Value  Global                              Global Defined In Module
      -----  --------------------------------   ------------------------
ASxxxx Linker V03.00 + NoICE + sdld,  page 170.

Files Linked                              [ module(s) ]

obj\Release\AX_Radio_Lab_output\config_16MHz.rel
                                          [  ]
obj\Release\AX_Radio_Lab_output\configmaster.rel
                                          [  ]
obj\Release\COMMON\display_com0.rel       [  ]
obj\Release\COMMON\easyax5043.rel         [  ]
obj\Release\COMMON\misc.rel               [  ]
obj\Release\MASTER\main.rel               [  ]


Libraries Linked                          [ object file ]

C:\Program Files (x86)\AXSEM\AXSDB\libaxdvk2\sdcc/libaxdvk2.lib
                                          [ lcd2setpos ]
C:\Program Files (x86)\AXSEM\AXSDB\libmf\sdcc/libmf.lib
                                          [ ax5043deepsleep ]
C:\Program Files (x86)\AXSEM\AXSDB\libmf\sdcc/libmf.lib
                                          [ ax5043reset ]
C:\Program Files (x86)\AXSEM\AXSDB\libmf\sdcc/libmf.lib
                                          [ uarttimer0 ]
C:\Program Files (x86)\SDCC\bin\..\lib\small/mcs51.lib
                                          [ crtclear.rel ]
C:\Program Files (x86)\AXSEM\AXSDB\libmf\sdcc/libmf.lib
                                          [ wt0setcfg ]
C:\Program Files (x86)\AXSEM\AXSDB\libmf\sdcc/libmf.lib
                                          [ wt1setcfg ]
C:\Program Files (x86)\AXSEM\AXSDB\libaxdvk2\sdcc/libaxdvk2.lib
                                          [ lcd2utx ]
C:\Program Files (x86)\AXSEM\AXSDB\libmf\sdcc/libmf.lib
                                          [ wtimer ]
C:\Program Files (x86)\SDCC\bin\..\lib\small/libsdcc.lib
                                          [ _memset.rel ]
C:\Program Files (x86)\SDCC\bin\..\lib\small/libsdcc.lib
                                          [ _memcpy.rel ]
C:\Program Files (x86)\AXSEM\AXSDB\libmf\sdcc/libmf.lib
                                          [ wtcbadd ]
C:\Program Files (x86)\AXSEM\AXSDB\libmf\sdcc/libmf.lib
                                          [ wt0addr ]
C:\Program Files (x86)\SDCC\bin\..\lib\small/mcs51.lib
                                          [ crtxinit.rel ]
C:\Program Files (x86)\AXSEM\AXSDB\libmf\sdcc/libmf.lib
                                          [ wt1addr ]
C:\Program Files (x86)\AXSEM\AXSDB\libmf\sdcc/libmf.lib
                                          [ wt0adda ]
C:\Program Files (x86)\AXSEM\AXSDB\libmf\sdcc/libmf.lib
                                          [ radiord24 ]
C:\Program Files (x86)\AXSEM\AXSDB\libmf\sdcc/libmf.lib
                                          [ pn9buf ]
C:\Program Files (x86)\AXSEM\AXSDB\libmf\sdcc/libmf.lib
                                          [ radiord16 ]
C:\Program Files (x86)\AXSEM\AXSDB\libmf\sdcc/libmf.lib
                                          [ standby ]
C:\Program Files (x86)\SDCC\bin\..\lib\small/libsdcc.lib
                                          [ _gptrput.rel ]
C:\Program Files (x86)\AXSEM\AXSDB\libmf\sdcc/libmf.lib
                                          [ crc16ansib ]
C:\Program Files (x86)\AXSEM\AXSDB\libmf\sdcc/libmf.lib
                                          [ uart0tx ]
C:\Program Files (x86)\AXSEM\AXSDB\libmf\sdcc/libmf.lib
                                          [ flashcal ]
C:\Program Files (x86)\AXSEM\AXSDB\libaxdvk2\sdcc/libaxdvk2.lib
                                          [ lcd2init ]
C:\Program Files (x86)\AXSEM\AXSDB\libmf\sdcc/libmf.lib
                                          [ chksgnlim32 ]
C:\Program Files (x86)\AXSEM\AXSDB\libmf\sdcc/libmf.lib
                                          [ chksgnlim16 ]
C:\Program Files (x86)\AXSEM\AXSDB\libmf\sdcc/libmf.lib
                                          [ uart0init ]
C:\Program Files (x86)\SDCC\bin\..\lib\small/mcs51.lib
                                          [ crtxclear.rel ]
C:\Program Files (x86)\AXSEM\AXSDB\libmf\sdcc/libmf.lib
                                          [ sgnlim16 ]
C:\Program Files (x86)\AXSEM\AXSDB\libmf\sdcc/libmf.lib
                                          [ ax5043commslpexit ]
C:\Program Files (x86)\AXSEM\AXSDB\libmf\sdcc/libmf.lib
                                          [ ax5043rdfifo ]
C:\Program Files (x86)\AXSEM\AXSDB\libmf\sdcc/libmf.lib
                                          [ wt01rem ]
C:\Program Files (x86)\AXSEM\AXSDB\libmf\sdcc/libmf.lib
                                          [ dbglink ]
C:\Program Files (x86)\SDCC\bin\..\lib\small/liblong.lib
                                          [ _divulong.rel ]
C:\Program Files (x86)\AXSEM\AXSDB\libaxdvk2\sdcc/libaxdvk2.lib
                                          [ lcd2wrstr ]
C:\Program Files (x86)\AXSEM\AXSDB\libmf\sdcc/libmf.lib
                                          [ delay ]
C:\Program Files (x86)\AXSEM\AXSDB\libmf\sdcc/libmf.lib
                                          [ uart0wrstr ]
C:\Program Files (x86)\AXSEM\AXSDB\libmf\sdcc/libmf.lib
                                          [ wtcbrem ]
C:\Program Files (x86)\AXSEM\AXSDB\libmf\sdcc/libmf.lib
                                          [ wtrem ]
C:\Program Files (x86)\SDCC\bin\..\lib\small/libsdcc.lib
                                          [ _bp.rel ]
C:\Program Files (x86)\AXSEM\AXSDB\libmf\sdcc/libmf.lib
                                          [ ax5043wrfifo ]
C:\Program Files (x86)\AXSEM\AXSDB\libaxdvk2\sdcc/libaxdvk2.lib
                                          [ lcd2txcmds ]
C:\Program Files (x86)\AXSEM\AXSDB\libmf\sdcc/libmf.lib
                                          [ sleep ]
C:\Program Files (x86)\AXSEM\AXSDB\libmf\sdcc/libmf.lib
                                          [ radiodswakecore ]
C:\Program Files (x86)\AXSEM\AXSDB\libmf\sdcc/libmf.lib
                                          [ pn9bits ]
C:\Program Files (x86)\SDCC\bin\..\lib\small/mcs51.lib
                                          [ crtstart.rel ]
C:\Program Files (x86)\AXSEM\AXSDB\libmf\sdcc/libmf.lib
                                          [ pn9byte ]
C:\Program Files (x86)\AXSEM\AXSDB\libmf\sdcc/libmf.lib
                                          [ signext20 ]
C:\Program Files (x86)\SDCC\bin\..\lib\small/libsdcc.lib
                                          [ _gptrget.rel ]
C:\Program Files (x86)\AXSEM\AXSDB\libmf\sdcc/libmf.lib
                                          [ crc16table ]
C:\Program Files (x86)\AXSEM\AXSDB\libmf\sdcc/libmf.lib
                                          [ dbglnkrxbuf ]
C:\Program Files (x86)\AXSEM\AXSDB\libmf\sdcc/libmf.lib
                                          [ signext24 ]
C:\Program Files (x86)\AXSEM\AXSDB\libmf\sdcc/libmf.lib
                                          [ dbglnktxbuf ]
C:\Program Files (x86)\AXSEM\AXSDB\libmf\sdcc/libmf.lib
                                          [ wt0curt ]
C:\Program Files (x86)\AXSEM\AXSDB\libmf\sdcc/libmf.lib
                                          [ crc8 ]
C:\Program Files (x86)\AXSEM\AXSDB\libmf\sdcc/libmf.lib
                                          [ sleepcont ]
C:\Program Files (x86)\AXSEM\AXSDB\libaxdvk2\sdcc/libaxdvk2.lib
                                          [ lcd2txbuf ]
C:\Program Files (x86)\AXSEM\AXSDB\libmf\sdcc/libmf.lib
                                          [ wtstdby ]
C:\Program Files (x86)\AXSEM\AXSDB\libmf\sdcc/libmf.lib
                                          [ uart0rxbuf ]
C:\Program Files (x86)\AXSEM\AXSDB\libmf\sdcc/libmf.lib
                                          [ uart0txbuf ]

ASxxxx Linker V03.00 + NoICE + sdld,  page 171.

User Base Address Definitions

HOME = 0x0000
ISEG = 0x0000
BSEG = 0x0000

